✔ authenticates without tenant authority and authorizes only an explicit same-tenant membership (3.932882ms)
✔ turns a governed audit report into advisory evolution proposals (3.800515ms)
✔ planning -> decision -> policy -> runtime -> evidence -> audit (8.205155ms)
✔ runs the governed cognitive pipeline across package boundaries (2.126659ms)
✔ runs memory -> reasoning -> reflection -> planning -> decision through public governed boundaries (2.883079ms)
✔ constitution -> policy -> audit -> evolution -> governance authorizes a coherent lifecycle without executing (8.694093ms)
✔ constitutional deny prevails and governance blocks promotion (103.820009ms)
✔ runs decision -> policy through public governed boundaries (5.775861ms)
✔ audits a verified evidence artifact through public governed boundaries (11.679117ms)
✔ turns a technically authorized governance engine result into a human-only review (4.161869ms)
✔ planning -> decision -> policy -> runtime dry-run -> evidence (6.068844ms)
✔ runs memory -> reasoning -> reflection -> planning -> decision through public governed boundaries (71.681339ms)
✔ PlanningReport flows into DecisionRecord without mutation, approval, or execution (2.272862ms)
✔ runs policy -> runtime through public governed boundaries (68.938588ms)
✔ records runtime output as immutable verified evidence (62.668923ms)
ℹ tests 15
ℹ suites 0
ℹ pass 15
ℹ fail 0
ℹ cancelled 0
ℹ skipped 0
ℹ todo 0
ℹ duration_ms 846.12096
